5 5
35  45  50  50  45  
45  35  45  50  50  
50  45  35  45  50  
50  50  45  35  45  
45  50  50  45  35  
